ACC-INT n=1 t=5275 st=7 bz=0 pin=0
FSM: Performing Self Calibration 
XY: calib b=10 peak=0.0335 mv=0
FSM: READY 
Zero-Calib-Value : 9.735007
Threshold-Value  : 0.400000
XY-Still-Value   : 0.0350
FSM: Transitioned to STATE_MONITORING 
ACC-INT n=2 t=40615 st=2 bz=0 pin=1
FSM: Departure latched (any-motion) 
ACC-STAT s=0x40 pin=1 n=3 sk=0
FSM: Transitioned to STATE_MOVEMENT_DETECTED 
ACC-INT n=3 t=40714 st=3 bz=0 pin=1
FSM: departure velocity w=0.891
ACC-STAT s=0x40 pin=1 n=4 sk=0
FSM: Transitioned to STATE_MOVING 
ACC-INT n=4 t=41730 st=4 bz=1 pin=1
ACC-STAT s=0x40 pin=0 n=4 sk=0
FSM: Release (x/y still) m=0.0275 xs=0.0350 q=2
FSM: Transitioned to STATE_STOPPED 
FSM: Transitioned to STATE_MONITORING 
ACC-INT n=5 t=177668 st=2 bz=0 pin=1
ACC-STAT s=0x40 pin=1 n=6 sk=1
FSM: Departure latched (any-motion) 
ACC-INT n=6 t=177750 st=3 bz=0 pin=1
FSM: Transitioned to STATE_MOVEMENT_DETECTED 
ACC-STAT s=0x40 pin=0 n=7 sk=0
ACC-INT n=7 t=178733 st=3 bz=0 pin=1
FSM: departure velocity w=-4.484
FSM: Transitioned to STATE_MOVING 
ACC-STAT s=0x40 pin=0 n=7 sk=0
ACC-INT n=8 t=179765 st=4 bz=0 pin=1
ACC-STAT s=0x40 pin=0 n=8 sk=0
FSM: Release (x/y still) m=0.0102 xs=0.0350 q=2
FSM: Transitioned to STATE_STOPPED 
FSM: Transitioned to STATE_MONITORING 
ACC-INT n=1 t=5275 st=7 bz=0 pin=0
FSM: Performing Self Calibration 
ACC-STAT s=0x5FD pin=0 n=1 sk=0
XY: calib b=10 peak=0.0587 mv=0
FSM: READY 
Zero-Calib-Value : 9.727223
Threshold-Value  : 0.400000
XY-Still-Value   : 0.0503
FSM: Transitioned to STATE_MONITORING 
ACC-INT n=2 t=77938 st=2 bz=0 pin=1
FSM: Departure latched (any-motion) 
FSM: Transitioned to STATE_MOVEMENT_DETECTED 
FSM: departure velocity w=0.414
FSM: Transitioned to STATE_MOVING 
ACC-STAT s=0x40 pin=0 n=2 sk=0
ACC-INT n=3 t=78544 st=4 bz=0 pin=1
ACC-STAT s=0x40 pin=0 n=3 sk=0
FSM: Release (x/y still) m=0.0084 xs=0.0503 q=2
FSM: Transitioned to STATE_STOPPED 
FSM: Transitioned to STATE_MONITORING 
