ACC-INT n=1 t=5275 st=7 bz=0 pin=0
FSM: Performing Self Calibration 
XY: calib b=10 peak=0.0670 mv=0
FSM: READY 
XY-Still-Value   : 0.0495
FSM: Transitioned to STATE_MONITORING 
ACC-STAT s=0xFF1E pin=0 n=1 sk=0
ACC-STAT s=0x446 pin=0 n=1 sk=1
ACC-STAT read FAILED
ACC-STAT s=0x441 pin=0 n=1 sk=1
ACC-STAT s=0x446 pin=0 n=1 sk=1
ACC-INT n=2 t=99401 st=2 bz=0 pin=1
FSM: Departure latched (any-motion) 
FSM: Transitioned to STATE_MOVEMENT_DETECTED 
ACC-STAT s=0x40 pin=0 n=2 sk=0
FSM: departure velocity w=0.000
FSM: Transitioned to STATE_MOVING 
ACC-INT n=3 t=100007 st=4 bz=0 pin=1
ACC-STAT s=0x40 pin=0 n=3 sk=0
BURST k=dep pre=20 n=80 signed_mmss=-6 -9 2 50 99 -62 -123 -53 2 -16 -50 10 92 22 -200 -257 -191 -197 -202 -196 -230 -177 -151 -180 -162 -83 -97 0 46 -20 0 -10 13 11 28 -37 -6 1 -2 -23 -9 5 29 -19 11 14 4 17 1 -7 -15 26 -19 8 -11 1 13 16 -1 10 -16 18 20 3 -39 0 -3 -4 -6 -18 -3 -20 -11 -9 2 2 -13 11 16 -10 
JOGV pos=0 neg=2143 ratio=0 opk=99 verdict=RUN (armed)
FSM: Arrival (polled), peak 2.164
FSM: Transitioned to STATE_DECELERATING 
ACC-INT n=4 t=123240 st=5 bz=0 pin=1
ACC-STAT s=0x40 pin=0 n=4 sk=0
ACC-INT n=5 t=123912 st=5 bz=1 pin=1
ACC-STAT s=0x40 pin=0 n=5 sk=0
BURST k=arr pre=20 n=80 signed_mmss=-71 -2 -37 -25 2 38 -40 -17 0 -4 -25 -10 49 -2 -40 14 -35 2163 219 -236 -1100 293 1286 -207 -1022 -107 588 235 -609 24 557 -49 -467 -37 336 151 -289 -225 280 198 -300 95 123 -140 -152 131 80 -113 -80 83 74 -50 -97 64 54 -25 -56 -7 56 -19 -83 22 46 -35 -53 -32 25 14 -47 -1 8 -4 -26 -20 17 0 -44 -11 4 -24 
FSM: Transitioned to STATE_STOPPED 
FSM: Transitioned to STATE_MONITORING 
ACC-STAT s=0x41E pin=0 n=5 sk=0
ACC-INT n=1 t=5275 st=7 bz=0 pin=0
FSM: Performing Self Calibration 
XY: calib b=10 peak=0.0450 mv=0
FSM: READY 
XY-Still-Value   : 0.0495
FSM: Transitioned to STATE_MONITORING 
ACC-STAT s=0x43B pin=0 n=1 sk=0
ACC-STAT s=0x43C pin=0 n=1 sk=0
ACC-INT n=2 t=70107 st=2 bz=0 pin=1
FSM: Departure latched (any-motion) 
FSM: Transitioned to STATE_MOVEMENT_DETECTED 
FSM: departure velocity w=0.000
FSM: Transitioned to STATE_MOVING 
ACC-STAT s=0x40 pin=0 n=2 sk=0
ACC-INT n=3 t=70434 st=4 bz=1 pin=1
ACC-STAT s=0x40 pin=0 n=4 sk=0
ACC-INT n=4 t=71450 st=4 bz=0 pin=1
ACC-STAT s=0x40 pin=0 n=4 sk=0
BURST k=dep pre=20 n=80 signed_mmss=6 13 331 97 -283 -151 -35 10 -23 128 272 194 -69 -143 -7 90 169 189 286 411 379 373 356 247 156 -122 -86 -31 63 102 151 177 155 115 73 55 -59 -87 -121 -162 62 103 112 136 118 95 55 -15 -23 -77 -101 -114 -107 -47 -6 -14 82 48 23 -2 -51 -75 -84 -66 -77 -23 -51 -12 27 73 51 52 -35 -66 -49 -74 -48 -39 -14 13 
JOGV pos=3846 neg=596 ratio=15 opk=283 verdict=RUN (armed)
ACC-INT n=5 t=86294 st=4 bz=0 pin=1
ACC-STAT read FAILED
FSM: Arrival (polled), peak 1.975
ACC-INT n=6 t=86376 st=5 bz=0 pin=1
FSM: Transitioned to STATE_DECELERATING 
ACC-STAT s=0x40 pin=1 n=7 sk=0
ACC-INT n=7 t=87343 st=5 bz=1 pin=1
ACC-STAT s=0x40 pin=0 n=7 sk=0
BURST k=arr pre=20 n=80 signed_mmss=-18 -8 -19 -39 -13 -29 -13 0 13 -2 9 -33 -23 -1175 -526 -820 1974 -1144 -2080 -329 850 1044 -947 -820 845 561 -574 -203 430 206 -381 -397 386 371 -426 -1 201 46 -141 -127 129 190 -183 -10 187 -75 -142 96 16 43 -57 -27 64 -50 -90 70 33 -50 0 1 13 18 -41 -14 -20 -43 22 -8 -21 -4 -10 -35 10 -18 -10 -7 -21 -19 12 -3 
FSM: Transitioned to STATE_STOPPED 
FSM: Transitioned to STATE_MONITORING 
ACC-INT n=8 t=123928 st=2 bz=0 pin=1
FSM: Departure latched (any-motion) 
FSM: Transitioned to STATE_MOVEMENT_DETECTED 
ACC-STAT s=0x40 pin=0 n=8 sk=0
ACC-INT n=9 t=124272 st=3 bz=0 pin=1
FSM: departure velocity w=0.000
FSM: Transitioned to STATE_MOVING 
ACC-STAT s=0x40 pin=0 n=9 sk=0
BURST k=dep pre=20 n=80 signed_mmss=-26 -97 -72 -18 -8 15 39 99 134 41 31 94 128 207 251 212 252 301 272 215 151 109 51 7 -72 -81 -72 -32 -24 -8 24 34 82 66 51 48 40 -15 -16 -56 -56 -65 44 51 32 15 36 -18 -14 -23 -37 -53 -9 22 -8 38 18 37 10 -7 -50 0 -30 -30 -32 -21 42 -1 19 6 17 18 89 4 -81 -56 -72 -23 8 29 
JOGV pos=1861 neg=0 ratio=0 opk=97 verdict=RUN (armed)
ACC-INT n=10 t=130695 st=4 bz=1 pin=1
ACC-STAT s=0x40 pin=0 n=10 sk=0
ACC-INT n=11 t=130760 st=4 bz=0 pin=1
FSM: Arrival (polled), peak 1.258
FSM: Transitioned to STATE_DECELERATING 
ACC-STAT s=0x40 pin=0 n=11 sk=0
ACC-INT n=12 t=131792 st=5 bz=0 pin=1
ACC-STAT s=0x40 pin=0 n=12 sk=0
BURST k=arr pre=20 n=80 signed_mmss=36 -13 11 -23 -7 -7 11 -2 6 -5 31 3 -14 -30 -23 -7 -12 -1258 -2213 -160 1658 283 -730 -620 343 1267 299 -886 283 -820 -107 455 186 -230 -353 157 491 -340 -436 531 225 -583 85 -22 49 -65 -124 177 65 -252 30 230 -117 -127 144 -7 -87 -95 43 100 -142 -44 114 -8 -75 49 15 -53 6 -2 4 18 -45 21 -44 -11 21 -17 -5 -22 
FSM: Transitioned to STATE_STOPPED 
FSM: Transitioned to STATE_MONITORING 
ACC-STAT s=0x446 pin=0 n=12 sk=1
ACC-STAT s=0xFF2D pin=0 n=12 sk=0
ACC-STAT s=0x438 pin=0 n=12 sk=0
ACC-STAT s=0x446 pin=0 n=12 sk=1
ACC-STAT read FAILED
ACC-STAT s=0x43B pin=0 n=12 sk=0
ACC-STAT s=0x43D pin=0 n=12 sk=0
ACC-STAT s=0x43E pin=0 n=12 sk=0
ACC-STAT s=0x44D pin=0 n=12 sk=1
ACC-STAT read FAILED
ACC-STAT s=0x449 pin=0 n=12 sk=1
ACC-STAT s=0x43B pin=0 n=12 sk=0
ACC-STAT s=0x1F pin=0 n=12 sk=0
ACC-STAT read FAILED
ACC-STAT read FAILED
ACC-STAT s=0x436 pin=0 n=12 sk=0
ACC-STAT s=0x42B pin=0 n=12 sk=0
ACC-STAT s=0x438 pin=0 n=12 sk=0
ACC-STAT s=0x41D pin=0 n=12 sk=0
ACC-STAT s=0x423 pin=0 n=12 sk=0
ACC-STAT s=0x435 pin=0 n=12 sk=0
ACC-STAT s=0x428 pin=0 n=12 sk=0
ACC-STAT s=0x438 pin=0 n=12 sk=0
ACC-STAT s=0x444 pin=0 n=12 sk=1
ACC-STAT s=0x421 pin=0 n=12 sk=0
ACC-STAT s=0x437 pin=0 n=12 sk=0
ACC-STAT s=0x453 pin=0 n=12 sk=1
