ACC-STAT s=0x40 pin=0 n=24 sk=0
ACC-INT n=25 t=276889 st=4 bz=1 pin=1
ACC-STAT s=0x40 pin=0 n=25 sk=0
ACC-INT n=26 t=277037 st=4 bz=0 pin=1
ACC-STAT s=0x40 pin=0 n=26 sk=0
ACC-INT n=27 t=278396 st=4 bz=1 pin=1
FSM: Arrival (polled), peak 0.947
ARM q=61 a=1 v=1 g=0 ro=2
FSM: Transitioned to STATE_DECELERATING 
ACC-STAT s=0x40 pin=0 n=27 sk=0
ACC-INT n=28 t=279904 st=5 bz=1 pin=1
ACC-STAT s=0x40 pin=0 n=28 sk=0
ACC-INT n=29 t=281362 st=5 bz=1 pin=1
BURST k=arr pre=20 n=80 signed_mmss=5 3 4 16 14 17 18 14 1 4 24 11 -5 2 19 17 -946 554 293 136 39 65 68 -1 23 22 -12 6 20 4 18 16 1 -5 5 -1 5 4 17 0 11 11 2 -1 9 4 -9 7 23 16 4 8 8 -4 1 4 1 -3 8 11 -4 14 8 3 4 7 2 13 -1 3 14 1 17 5 -3 -13 5 3 21 4 
ACC-STAT s=0x40 pin=0 n=29 sk=0
ACC-INT n=30 t=283017 st=5 bz=1 pin=1
ACC-STAT s=0x2F4 pin=1 n=30 sk=0
FSM: Transitioned to STATE_STOPPED 
FSM: Transitioned to STATE_MONITORING 
ACC-STAT s=0x40 pin=0 n=30 sk=1
FSM: polled ignored, re-arm blanking t=426 d=0.0652
FSM: any-motion ignored, re-arm blanking t=475 q=0
ACC-INT n=31 t=284475 st=2 bz=0 pin=1
ACC-STAT s=0x40 pin=0 n=31 sk=2
FSM: polled ignored, re-arm blanking t=1753 d=0.0476
FSM: re-arm blank cleared early, settled at 2556 ms
FSM: Transitioned to STATE_MOVEMENT_DETECTED 
FSM: Departure latched (polled) ml=91848 q=181 dq=3 td=90129
FSM: departure velocity w=0.000
FSM: Transitioned to STATE_MOVING 
ACC-INT n=32 t=379011 st=4 bz=1 pin=1
FSM: Arrival (polled), peak 2.187
ARM q=57 a=1 v=1 g=0 ro=2
FSM: Transitioned to STATE_DECELERATING 
ACC-STAT s=0x40 pin=0 n=32 sk=0
ACC-INT n=33 t=381566 st=5 bz=1 pin=1
ACC-STAT s=0x40 pin=0 n=33 sk=0
ACC-INT n=34 t=381665 st=5 bz=1 pin=1
BURST k=arr pre=20 n=80 signed_mmss=17 -1 7 17 -3 8 22 4 19 1 4 8 10 10 8 3 5 -2186 598 -2256 289 -1 34 -26 24 1 -31 -1 27 -30 1 30 11 7 28 -4 0 24 3 -4 -1 15 -4 18 5 6 19 2 6 17 -1 23 11 -15 -1 3 0 10 21 -2 0 19 10 12 -1 0 -3 4 8 1 6 10 9 6 4 5 7 6 17 19 
ACC-STAT s=0x40 pin=0 n=34 sk=0
ACC-INT n=35 t=383336 st=5 bz=1 pin=1
ACC-STAT s=0x40 pin=0 n=35 sk=0
ACC-INT n=36 t=384696 st=5 bz=1 pin=1
ACC-STAT s=0x40 pin=0 n=36 sk=0
ACC-INT n=37 t=384794 st=5 bz=1 pin=1
