ACC-INT n=1 t=5275 st=7 bz=0 pin=0
FSM: Performing Self Calibration 
XY: calib b=10 peak=0.0390 mv=0
FSM: READY 
XY-Still-Value   : 0.0465
FSM: Transitioned to STATE_MONITORING 
ACC-STAT s=0x396 pin=0 n=1 sk=0
ACC-STAT s=0x3AA pin=0 n=1 sk=0
ACC-STAT s=0x3A3 pin=0 n=1 sk=0
ACC-STAT s=0x3C1 pin=0 n=1 sk=1
ACC-STAT s=0x396 pin=0 n=1 sk=0
ACC-INT n=2 t=89849 st=2 bz=0 pin=1
FSM: Departure latched (any-motion) 
FSM: Transitioned to STATE_MOVEMENT_DETECTED 
FSM: departure velocity w=0.000
FSM: Transitioned to STATE_MOVING 
ACC-STAT s=0x40 pin=0 n=2 sk=0
BURST k=dep pre=20 n=80 signed_mmss=-34 -107 68 -1 108 -70 126 19 -97 50 -174 -17 -283 -45 -157 -165 -253 -315 -308 -367 -384 -438 -396 -425 -352 -341 -169 48 8 71 38 23 10 13 -25 -37 -71 -25 -74 -61 -5 10 41 13 23 25 -25 -2 -19 -37 -43 5 -29 23 9 -7 1 1 -9 17 -21 -3 5 11 -31 22 8 -20 23 -8 -7 -17 1 -1 -6 -13 -17 1 9 1 
ACC-STAT s=0x395 pin=0 n=2 sk=0
ACC-STAT s=0x38E pin=0 n=2 sk=0
FSM: Arrival (polled), peak 1.148
ACC-INT n=3 t=115097 st=5 bz=0 pin=1
FSM: Transitioned to STATE_DECELERATING 
ACC-STAT s=0x40 pin=0 n=3 sk=0
ACC-INT n=4 t=115294 st=5 bz=1 pin=1
BURST k=arr pre=60 n=80 signed_mmss=7 5 -35 4 2 -13 -15 0 -28 -41 29 -26 -20 2 2 -6 -7 -6 -4 -26 -18 7 -13 -17 -13 -11 -22 -14 7 -11 30 -33 -14 4 -45 -13 19 -22 -32 -13 2 -17 -7 5 -5 5 -3 -32 11 -6 -41 5 1 -26 1147 643 1280 2784 3221 1097 -1397 -1269 -467 683 551 581 -246 -1038 -663 562 725 16 -286 -262 -392 -110 139 286 154 -144 
ACC-STAT s=0x39D pin=1 n=4 sk=0
ACC-STAT s=0x40 pin=0 n=4 sk=0
FSM: Transitioned to STATE_STOPPED 
FSM: Transitioned to STATE_MONITORING 
ACC-STAT s=0x38F pin=0 n=4 sk=0
ACC-STAT s=0x386 pin=0 n=4 sk=0
ACC-STAT s=0x38C pin=0 n=4 sk=0
ACC-STAT s=0x395 pin=0 n=4 sk=0
ACC-INT n=5 t=319766 st=2 bz=0 pin=1
FSM: Departure latched (any-motion) 
FSM: Transitioned to STATE_MOVEMENT_DETECTED 
ACC-STAT s=0x40 pin=0 n=5 sk=0
FSM: departure velocity w=0.000
FSM: Transitioned to STATE_MOVING 
ACC-INT n=6 t=320241 st=4 bz=0 pin=1
ACC-STAT s=0x40 pin=0 n=6 sk=0
ACC-INT n=7 t=320929 st=4 bz=0 pin=1
ACC-STAT s=0x40 pin=0 n=7 sk=0
BURST k=dep pre=20 n=80 signed_mmss=-39 -71 -6 45 153 -52 91 -119 61 -82 -52 -97 -177 -61 -211 -117 -244 -302 -361 -400 -347 -472 -448 -544 -523 -555 -538 -583 -571 -615 -643 -582 -607 -485 -449 -451 -350 -335 -228 -185 -234 -104 -159 -46 -149 14 -34 6 -23 41 35 34 23 5 25 11 34 -13 -15 -25 -33 -27 -23 -12 22 -9 -4 -26 53 -29 17 26 -24 -8 -17 35 -48 50 -41 22 
ACC-INT n=8 t=362266 st=4 bz=1 pin=1
ACC-STAT s=0x40 pin=1 n=9 sk=0
ACC-INT n=9 t=362299 st=4 bz=1 pin=1
FSM: Arrival (polled), peak 0.451
FSM: Transitioned to STATE_DECELERATING 
ACC-STAT s=0x40 pin=0 n=9 sk=0
ACC-INT n=10 t=363298 st=5 bz=0 pin=1
BURST k=arr pre=60 n=80 signed_mmss=-6 -37 -52 -3 -9 3 -36 10 -28 -26 -41 -13 52 1 10 -17 -26 -47 -14 -6 -73 -14 3 -1 -26 -2 45 -37 -38 -38 -14 -29 -81 -33 -27 -13 -6 -20 44 2 15 -36 -56 -65 -57 -47 -47 -77 -41 -72 -37 -26 38 74 105 151 325 450 353 385 478 507 513 464 516 555 595 590 587 647 608 639 396 334 241 104 57 -46 -105 -161 
ACC-STAT s=0x40 pin=0 n=10 sk=0
ACC-INT n=11 t=365658 st=5 bz=0 pin=1
ACC-STAT s=0x40 pin=1 n=12 sk=0
ACC-INT n=12 t=366460 st=5 bz=1 pin=1
ACC-STAT s=0x40 pin=0 n=12 sk=0
ACC-INT n=13 t=367607 st=5 bz=0 pin=1
ACC-STAT s=0x40 pin=0 n=13 sk=0
ACC-INT n=14 t=368541 st=5 bz=1 pin=1
ACC-STAT s=0x40 pin=0 n=14 sk=0
FSM: Transitioned to STATE_STOPPED 
FSM: Transitioned to STATE_MONITORING 
ACC-STAT s=0x9F pin=0 n=14 sk=0
ACC-STAT s=0x3AC pin=0 n=14 sk=0
ACC-STAT s=0x3A6 pin=0 n=14 sk=0
ACC-STAT s=0x3A8 pin=0 n=14 sk=0
ACC-STAT s=0x3B0 pin=0 n=14 sk=0
ACC-STAT s=0x3A7 pin=0 n=14 sk=0
ACC-STAT s=0x3A1 pin=0 n=14 sk=0
ACC-INT n=15 t=548372 st=2 bz=0 pin=1
FSM: Departure latched (any-motion) 
FSM: Transitioned to STATE_MOVEMENT_DETECTED 
FSM: departure velocity w=0.000
FSM: Transitioned to STATE_MOVING 
ACC-STAT s=0x40 pin=1 n=16 sk=0
ACC-INT n=16 t=549306 st=4 bz=1 pin=1
ACC-STAT s=0x40 pin=0 n=16 sk=0
BURST k=dep pre=20 n=80 signed_mmss=-18 -28 -29 42 -30 69 39 -7 1 -13 61 23 59 107 152 187 238 322 369 412 449 465 509 478 498 507 493 506 528 502 490 502 469 410 463 356 298 283 244 173 34 -11 -47 -1 -14 32 -32 -45 8 29 17 71 29 -17 -19 -23 8 -22 29 -16 -50 -10 -36 4 33 22 12 28 -20 -16 -2 8 -21 -7 0 10 -1 19 -3 1 
FSM: Arrival (polled), peak 1.661
ACC-INT n=17 t=608829 st=5 bz=0 pin=1
ACC-STAT s=0x40 pin=1 n=18 sk=0
FSM: Transitioned to STATE_DECELERATING 
ACC-INT n=18 t=608944 st=5 bz=0 pin=1
BURST k=arr pre=60 n=80 signed_mmss=-16 -23 3 -24 7 -26 24 -56 15 2 -20 -32 -26 -9 -17 -25 -20 -18 29 -30 -26 -8 -37 11 -34 -52 3 -54 -25 -32 24 -36 -6 20 -35 -24 1 -7 -8 21 -37 -1 24 -35 4 7 -11 -10 -9 -16 0 1 -57 1660 -2868 -4293 -1123 -3078 -3570 -2162 248 1569 1477 1214 -1099 -1200 -670 -394 255 1210 -377 -1283 -533 628 348 499 -253 -555 -739 569 
ACC-STAT s=0x40 pin=0 n=19 sk=0
ACC-INT n=19 t=610353 st=5 bz=1 pin=1
ACC-STAT s=0x40 pin=0 n=19 sk=0
FSM: Transitioned to STATE_STOPPED 
FSM: Transitioned to STATE_MONITORING 
ACC-STAT s=0x398 pin=0 n=19 sk=0
ACC-STAT s=0x393 pin=0 n=19 sk=0
ACC-STAT s=0x392 pin=0 n=19 sk=0
ACC-STAT s=0x3A8 pin=0 n=19 sk=0
ACC-STAT s=0x396 pin=0 n=19 sk=0
ACC-STAT s=0x388 pin=0 n=19 sk=0
ACC-STAT s=0x3A7 pin=0 n=19 sk=0
ACC-STAT s=0x38A pin=0 n=19 sk=0
ACC-STAT s=0x393 pin=0 n=19 sk=0
ACC-STAT s=0x393 pin=0 n=19 sk=0
ACC-STAT s=0x38A pin=0 n=19 sk=0
ACC-INT n=20 t=739966 st=2 bz=0 pin=1
FSM: Departure latched (any-motion) 
FSM: Transitioned to STATE_MOVEMENT_DETECTED 
FSM: departure velocity w=0.000
FSM: Transitioned to STATE_MOVING 
ACC-STAT s=0x40 pin=0 n=20 sk=0
BURST k=dep pre=20 n=80 signed_mmss=-72 -119 54 7 133 -65 77 -90 62 -59 -85 -59 -186 -46 -211 -129 -252 -302 -314 -395 -374 -416 -500 -429 -482 -353 -408 -113 -70 -28 -31 -60 11 6 28 9 15 1 -49 -16 2 0 -10 3 -6 52 -8 23 5 -9 41 -28 4 -17 -8 -19 8 10 0 32 -19 13 -13 16 -28 -13 0 -4 -3 37 -32 0 3 16 8 -17 8 -1 4 -49 
ACC-INT n=21 t=845643 st=4 bz=0 pin=1
ACC-STAT s=0x40 pin=1 n=22 sk=0
ACC-INT n=22 t=846217 st=4 bz=0 pin=1
ACC-STAT s=0x40 pin=0 n=22 sk=0
ACC-INT n=23 t=847364 st=4 bz=0 pin=1
ACC-STAT s=0x40 pin=0 n=23 sk=0
FSM: Arrival (polled), peak 1.568
FSM: Transitioned to STATE_DECELERATING 
ACC-INT n=24 t=853311 st=5 bz=0 pin=1
ACC-STAT s=0x40 pin=1 n=25 sk=0
ACC-INT n=25 t=853377 st=5 bz=0 pin=1
BURST k=arr pre=60 n=80 signed_mmss=-11 -11 -13 -2 -34 -45 -41 -26 -25 -11 -7 -34 -7 -5 -19 15 -6 -15 -36 -56 -13 -50 -35 -1 -11 -5 5 13 -29 -16 -44 -6 1 -32 -22 -35 -23 -14 -31 -13 5 8 -6 -18 -17 -7 -28 -29 -17 -13 -28 -35 -23 -1 13 5 -17 134 1568 1553 1301 -146 -946 -1669 -738 -264 -1022 -877 -436 352 609 841 467 -407 -884 -729 -114 343 617 577 
ACC-STAT s=0x40 pin=1 n=26 sk=0
ACC-INT n=26 t=854654 st=5 bz=1 pin=1
ACC-STAT s=0x40 pin=0 n=26 sk=0
ACC-INT n=27 t=855670 st=5 bz=0 pin=1
ACC-STAT s=0x3A6 pin=0 n=27 sk=0
FSM: Transitioned to STATE_STOPPED 
FSM: Transitioned to STATE_MONITORING 
ACC-STAT s=0x39E pin=0 n=27 sk=0
ACC-STAT s=0x39F pin=0 n=27 sk=0
ACC-STAT s=0x3B0 pin=0 n=27 sk=0
ACC-STAT s=0x3C5 pin=0 n=27 sk=1
ACC-STAT s=0x3A6 pin=0 n=27 sk=0
ACC-STAT s=0x3AB pin=0 n=27 sk=0
ACC-STAT s=0x3AC pin=0 n=27 sk=0
ACC-STAT s=0x3AC pin=0 n=27 sk=0
ACC-INT n=28 t=947535 st=2 bz=0 pin=1
FSM: Departure latched (any-motion) 
FSM: Transitioned to STATE_MOVEMENT_DETECTED 
FSM: departure velocity w=0.000
FSM: Transitioned to STATE_MOVING 
ACC-STAT s=0x40 pin=0 n=29 sk=0
ACC-INT n=29 t=948551 st=4 bz=0 pin=1
ACC-STAT s=0x40 pin=0 n=29 sk=0
BURST k=dep pre=20 n=80 signed_mmss=-9 -11 -56 1 -49 50 -38 26 3 31 -37 20 -6 49 89 133 162 237 320 344 413 478 498 481 493 498 485 510 538 557 571 617 652 654 521 580 428 469 356 261 237 191 202 100 138 99 137 67 69 51 56 -13 -13 -11 2 -79 3 -30 24 -16 64 -44 -6 -31 -37 -1 15 -7 -43 -34 4 23 -4 46 4 4 14 14 2 24 
FSM: Arrival (polled), peak 0.451
FSM: Transitioned to STATE_DECELERATING 
ACC-INT n=30 t=1003470 st=5 bz=0 pin=1
ACC-STAT s=0x40 pin=0 n=30 sk=0
ACC-INT n=31 t=1004158 st=5 bz=0 pin=1
BURST k=arr pre=60 n=80 signed_mmss=26 -34 -9 -24 2 14 -3 29 -2 95 28 52 35 -83 -86 8 5 -65 13 -9 -36 -45 39 -17 -53 -53 -12 -20 -91 -5 -98 65 -67 -105 -63 -13 -44 -51 -37 52 -35 46 8 35 34 32 11 -9 14 11 14 6 74 -26 -73 -28 -59 451 -1463 155 -1243 -656 -1550 -1125 -386 -929 -725 -713 -914 -610 -783 -325 2423 -4283 -286 281 -74 105 429 579 
ACC-STAT s=0x40 pin=1 n=32 sk=0
ACC-INT n=32 t=1005142 st=5 bz=0 pin=1
ACC-STAT s=0x40 pin=0 n=32 sk=0
ACC-STAT s=0x3B6 pin=0 n=32 sk=0
FSM: Transitioned to STATE_STOPPED 
FSM: Transitioned to STATE_MONITORING 
ACC-STAT s=0x3AE pin=0 n=32 sk=0
ACC-STAT s=0x39B pin=0 n=32 sk=0
ACC-STAT s=0x300 pin=0 n=32 sk=0
