ACC-STAT read FAILED
ACC-STAT s=0x3B5 pin=0 n=0 sk=0
ACC-STAT s=0x38C pin=0 n=0 sk=0
ACC-INT n=1 t=231440 st=2 bz=0 pin=1
FSM: Transitioned to STATE_MOVEMENT_DETECTED 
FSM: Departure latched (any-motion) ml=217743 q=5 dq=0 td=-1
ACC-STAT s=0x40 pin=0 n=1 sk=0
FSM: departure velocity w=0.000
FSM: Transitioned to STATE_MOVING 
ACC-INT n=2 t=232357 st=4 bz=0 pin=1
ACC-STAT s=0x40 pin=0 n=2 sk=0
BURST k=dep pre=20 n=80 signed_mmss=31 -7 -5 -26 -26 -20 15 -19 -10 -11 -30 -45 -71 -102 -94 -106 -175 -205 -263 -296 -341 -383 -436 -469 -476 -472 -455 -459 -507 -457 -549 -471 -495 -565 -563 -574 -517 -548 -480 -516 -459 -517 -576 -442 -535 -520 -507 -517 -522 -434 -586 -441 -501 -546 -512 -516 -451 -447 -510 -431 -579 -393 -551 -502 -423 -504 -346 -889 -376 -536 -424 -350 -842 -465 -531 -457 -422 -571 -161 -659 
JOGV pos=0 neg=30623 ratio=0 opk=31 verdict=RUN (armed)
ACC-INT n=3 t=234979 st=4 bz=1 pin=1
ACC-STAT s=0x40 pin=0 n=3 sk=0
ACC-INT n=4 t=245596 st=4 bz=0 pin=1
FSM: Arrival (polled), peak 0.493
ARM q=5 a=1 v=1 g=1 ro=8
FSM: Transitioned to STATE_DECELERATING 
ACC-STAT s=0x40 pin=0 n=4 sk=0
ACC-INT n=5 t=246415 st=5 bz=0 pin=1
ACC-STAT s=0x40 pin=0 n=5 sk=0
BURST k=arr pre=20 n=80 signed_mmss=78 86 262 -53 12 21 -216 52 153 -59 -62 197 310 371 493 385 438 182 452 509 368 614 444 492 456 222 412 365 514 570 431 438 431 431 505 505 566 716 464 573 394 504 567 453 501 464 605 504 477 487 389 562 524 513 549 298 404 365 543 636 430 518 523 508 687 398 508 553 475 667 332 474 492 456 564 621 572 474 426 417 
ACC-INT n=6 t=248987 st=5 bz=0 pin=1
ACC-STAT s=0x40 pin=0 n=6 sk=0
ACC-INT n=7 t=249462 st=5 bz=0 pin=1
ACC-STAT s=0x40 pin=0 n=7 sk=0
FSM: Transitioned to STATE_STOPPED 
FSM: Transitioned to STATE_MONITORING 
FSM: re-arm blank cleared early, settled at 2523 ms
ACC-STAT s=0x36C pin=0 n=7 sk=1
ACC-STAT s=0x37F pin=0 n=7 sk=1
ACC-STAT s=0x37F pin=0 n=7 sk=2
ACC-STAT s=0x37B pin=0 n=7 sk=1
ACC-STAT read FAILED
ACC-INT n=8 t=308985 st=2 bz=0 pin=1
ACC-STAT s=0x40 pin=0 n=8 sk=0
FSM: Transitioned to STATE_MOVEMENT_DETECTED 
FSM: Departure latched (any-motion) ml=53510 q=1 dq=0 td=-1
ACC-INT n=9 t=309051 st=3 bz=0 pin=1
FSM: departure velocity w=0.000
FSM: Transitioned to STATE_MOVING 
ACC-STAT s=0x40 pin=0 n=9 sk=0
BURST k=dep pre=20 n=80 signed_mmss=47 -31 8 -34 40 20 6 -28 -1 -21 22 69 49 61 50 106 151 189 213 273 305 356 392 415 431 445 489 496 490 504 529 564 506 507 482 540 501 504 509 497 483 445 478 570 453 498 483 477 532 456 506 540 430 685 279 662 283 616 448 313 634 360 786 301 706 445 579 638 86 589 259 540 594 323 594 497 458 570 339 453 
JOGV pos=29590 neg=0 ratio=0 opk=34 verdict=RUN (armed)
ACC-INT n=10 t=312475 st=4 bz=1 pin=1
FSM: Arrival (polled), peak 0.606
ARM q=6 a=1 v=1 g=1 ro=13
FSM: Transitioned to STATE_DECELERATING 
ACC-STAT s=0x40 pin=0 n=10 sk=0
ACC-INT n=11 t=313524 st=5 bz=0 pin=1
ACC-STAT s=0x40 pin=0 n=11 sk=0
BURST k=arr pre=20 n=80 signed_mmss=570 339 453 272 280 -23 -71 -86 -87 -141 -16 -156 -49 -310 -352 -391 -419 -606 -532 -399 -439 -554 -434 -475 -384 -504 -479 -602 -491 -616 -489 -474 -436 -473 -447 -463 -604 -397 -514 -528 -516 -616 -439 -464 -541 -426 -602 -490 -489 -407 -508 -486 -495 -429 -502 -560 -475 -540 -498 -203 -572 -327 -651 -424 -659 -567 -444 -562 -408 -421 -410 -403 -496 -494 -489 -608 -482 -531 -492 -476 
ACC-INT n=12 t=316588 st=5 bz=0 pin=1
ACC-STAT s=0x40 pin=0 n=12 sk=0
ACC-INT n=13 t=316653 st=5 bz=0 pin=1
ACC-STAT s=0x2CB pin=1 n=13 sk=0
ACC-STAT s=0x40 pin=0 n=13 sk=0
FSM: Transitioned to STATE_STOPPED 
FSM: Transitioned to STATE_MONITORING 
FSM: re-arm blank cleared early, settled at 2507 ms
ACC-INT n=14 t=422608 st=2 bz=0 pin=1
FSM: Transitioned to STATE_MOVEMENT_DETECTED 
FSM: Departure latched (any-motion) ml=99828 q=1 dq=0 td=-1
FSM: departure velocity w=0.000
FSM: Transitioned to STATE_MOVING 
ACC-STAT s=0x40 pin=0 n=14 sk=0
BURST k=dep pre=20 n=80 signed_mmss=-3 -11 -26 0 39 1 -11 -8 -37 -5 13 44 52 -16 -24 -12 37 85 94 137 176 249 281 274 297 472 488 496 499 526 497 487 504 506 489 481 474 481 498 466 491 469 505 503 467 460 552 566 565 463 498 425 364 556 503 567 709 431 553 352 438 510 543 501 427 768 340 832 298 646 364 338 655 474 575 340 583 140 567 571 
JOGV pos=28410 neg=0 ratio=0 opk=37 verdict=RUN (armed)
ACC-INT n=15 t=426426 st=4 bz=0 pin=1
ACC-STAT s=0x40 pin=0 n=15 sk=0
ACC-INT n=16 t=433029 st=4 bz=1 pin=1
ACC-STAT s=0x40 pin=0 n=16 sk=0
FSM: Arrival (polled), peak 0.608
ARM q=10 a=1 v=1 g=0 ro=4
FSM: Transitioned to STATE_DECELERATING 
BURST k=arr pre=20 n=80 signed_mmss=141 -59 82 74 95 -8 -10 106 177 10 189 -139 73 39 -72 -57 -38 -608 -293 -286 -572 -592 -465 -656 -513 -522 -484 -461 -269 -480 -401 -615 -570 -547 -514 -669 -508 -490 -425 -299 -608 -222 -528 -436 -662 -597 -608 -421 -614 -432 -630 -526 -340 -518 -216 -534 -333 -650 -427 -551 -460 -534 -499 -344 -598 -445 -350 -505 -230 -686 -385 -757 -466 -466 -631 -285 -701 -341 -434 -526 
ACC-STAT s=0x3D2 pin=0 n=16 sk=0
ACC-INT n=17 t=436682 st=5 bz=0 pin=1
ACC-STAT s=0x40 pin=0 n=17 sk=0
FSM: Transitioned to STATE_STOPPED 
FSM: Transitioned to STATE_MONITORING 
FSM: re-arm blank cleared early, settled at 2523 ms
ACC-INT n=18 t=476250 st=2 bz=0 pin=1
FSM: Transitioned to STATE_MOVEMENT_DETECTED 
FSM: Departure latched (polled) ml=33276 q=0 dq=0 td=-1
FSM: departure velocity w=0.000
FSM: Transitioned to STATE_MOVING 
ACC-STAT s=0x40 pin=0 n=18 sk=0
ACC-STAT s=0x30B pin=0 n=18 sk=0
BURST k=dep pre=20 n=80 signed_mmss=-13 -10 19 -15 -5 -10 -17 -42 -37 -96 -77 -68 -139 -170 -212 -255 -286 -369 -392 -451 -498 -495 -474 -511 -452 -493 -448 -514 -499 -472 -555 -514 -487 -462 -543 -550 -559 -474 -490 -504 -520 -522 -510 -417 -456 -519 -511 -532 -503 -498 -535 -517 -452 -492 -463 -512 -448 -568 -434 -424 -609 -565 -552 -464 -645 -425 -304 -786 -434 -623 -399 -563 -469 -447 -737 -385 -666 -329 -665 -415 
JOGV pos=0 neg=32444 ratio=0 opk=19 verdict=RUN (armed)
ACC-INT n=19 t=479821 st=4 bz=1 pin=1
ACC-STAT s=0x40 pin=0 n=19 sk=0
ACC-INT n=20 t=479887 st=4 bz=1 pin=1
ACC-STAT s=0x40 pin=0 n=20 sk=0
ACC-INT n=21 t=490323 st=4 bz=0 pin=1
FSM: Arrival (polled), peak 0.584
ARM q=6 a=1 v=1 g=1 ro=9
FSM: Transitioned to STATE_DECELERATING 
ACC-STAT s=0x40 pin=0 n=21 sk=0
ACC-INT n=22 t=491290 st=5 bz=0 pin=1
ACC-STAT s=0x40 pin=0 n=22 sk=0
BURST k=arr pre=20 n=80 signed_mmss=-20 136 -9 21 65 -41 -25 -181 -143 34 94 221 375 278 437 465 562 584 434 486 506 517 375 434 527 434 546 577 698 564 490 595 377 559 569 515 459 475 556 567 689 367 467 517 425 566 383 472 491 431 532 477 504 504 635 400 573 489 485 438 510 504 538 433 509 554 415 492 390 608 535 586 706 592 629 543 497 473 432 406 
ACC-INT n=23 t=493830 st=5 bz=0 pin=1
ACC-STAT s=0x40 pin=0 n=23 sk=0
FSM: Transitioned to STATE_STOPPED 
FSM: Transitioned to STATE_MONITORING 
FSM: re-arm blank cleared early, settled at 2507 ms
ACC-INT n=24 t=677920 st=2 bz=0 pin=1
FSM: Transitioned to STATE_MOVEMENT_DETECTED 
FSM: Departure latched (any-motion) ml=177865 q=1 dq=0 td=-1
ACC-STAT s=0x40 pin=0 n=24 sk=0
ACC-INT n=25 t=677986 st=3 bz=0 pin=1
FSM: departure velocity w=0.000
FSM: Transitioned to STATE_MOVING 
ACC-STAT s=0x40 pin=0 n=25 sk=0
BURST k=dep pre=20 n=80 signed_mmss=-25 16 10 33 -27 33 50 -11 -38 -60 -14 58 28 46 77 90 100 125 192 233 270 306 318 408 435 494 467 476 485 494 466 524 509 521 504 483 530 504 470 504 473 481 497 480 510 487 515 511 489 557 509 523 877 115 551 240 606 572 526 726 310 603 430 667 562 700 768 468 883 231 606 262 638 747 488 547 547 561 460 453 
JOGV pos=30654 neg=0 ratio=0 opk=60 verdict=RUN (armed)
ACC-INT n=26 t=681574 st=4 bz=1 pin=1
ACC-STAT s=0x40 pin=0 n=26 sk=0
ACC-INT n=27 t=692027 st=4 bz=0 pin=1
FSM: Arrival (polled), peak 0.501
ARM q=16 a=1 v=1 g=1 ro=10
FSM: Transitioned to STATE_DECELERATING 
ACC-STAT s=0x40 pin=0 n=27 sk=0
BURST k=arr pre=20 n=80 signed_mmss=-243 134 -159 37 24 -29 81 -44 31 -8 3 -28 -87 -51 -187 -378 -419 -501 -510 -369 -422 -571 -549 -546 -502 -393 -483 -450 -695 -490 -508 -428 -657 -475 -536 -348 -539 -472 -344 -510 -463 -561 -474 -539 -452 -478 -542 -451 -567 -525 -462 -542 -360 -575 -483 -614 -456 -493 -536 -298 -635 -443 -600 -334 -634 -690 -489 -699 -501 -563 -462 -483 -477 -575 -449 -453 -374 -372 -295 -297 
ACC-INT n=28 t=695828 st=5 bz=1 pin=1
ACC-STAT s=0x40 pin=0 n=28 sk=0
FSM: Transitioned to STATE_STOPPED 
FSM: Transitioned to STATE_MONITORING 
FSM: re-arm blank cleared early, settled at 2507 ms
ACC-INT n=29 t=725827 st=2 bz=0 pin=1
FSM: Transitioned to STATE_MOVEMENT_DETECTED 
FSM: Departure latched (any-motion) ml=23855 q=2 dq=0 td=-1
ACC-STAT s=0x40 pin=0 n=29 sk=0
FSM: departure velocity w=0.000
FSM: Transitioned to STATE_MOVING 
ACC-INT n=30 t=726646 st=4 bz=0 pin=1
ACC-STAT s=0x40 pin=0 n=30 sk=0
BURST k=dep pre=20 n=80 signed_mmss=-11 24 -15 -5 -18 19 14 -5 -16 -2 -11 -35 -81 -71 -93 -119 -140 -193 -221 -270 -299 -357 -408 -420 -492 -455 -538 -447 -493 -451 -537 -507 -496 -516 -520 -478 -513 -519 -524 -471 -513 -457 -514 -466 -499 -501 -526 -505 -484 -498 -408 -519 -492 -507 -468 -526 -557 -554 -519 -467 -567 -467 -577 -447 -524 -553 -500 -453 -629 -290 -751 -458 -295 -611 -217 -869 -375 -657 -486 -23 
JOGV pos=0 neg=29831 ratio=0 opk=24 verdict=RUN (armed)
ACC-INT n=31 t=729399 st=4 bz=1 pin=1
ACC-STAT s=0x40 pin=0 n=31 sk=0
ACC-INT n=32 t=739966 st=4 bz=0 pin=1
FSM: Arrival (polled), peak 0.555
ARM q=8 a=1 v=1 g=1 ro=9
FSM: Transitioned to STATE_DECELERATING 
ACC-STAT s=0x40 pin=0 n=32 sk=0
ACC-INT n=33 t=742850 st=5 bz=0 pin=1
BURST k=arr pre=20 n=80 signed_mmss=12 -47 -190 -49 -105 13 60 -111 -216 107 21 30 107 221 303 383 401 554 373 403 476 565 476 468 429 520 364 433 483 440 464 531 584 691 539 495 477 680 343 579 521 565 513 470 411 554 489 485 569 558 410 520 443 577 798 551 521 844 365 580 362 464 531 454 513 439 546 501 488 560 561 599 614 600 644 525 530 420 466 440 
ACC-STAT s=0x40 pin=0 n=33 sk=0
ACC-INT n=34 t=743768 st=5 bz=0 pin=1
ACC-STAT s=0x40 pin=0 n=34 sk=0
FSM: Transitioned to STATE_STOPPED 
FSM: Transitioned to STATE_MONITORING 
FSM: re-arm blank cleared early, settled at 2507 ms
ACC-STAT read FAILED
ACC-INT n=35 t=945586 st=2 bz=0 pin=1
FSM: Transitioned to STATE_MOVEMENT_DETECTED 
FSM: Departure latched (any-motion) ml=195822 q=0 dq=0 td=-1
ACC-STAT s=0x40 pin=1 n=36 sk=0
ACC-INT n=36 t=945668 st=3 bz=0 pin=1
FSM: departure velocity w=0.000
FSM: Transitioned to STATE_MOVING 
ACC-STAT s=0x40 pin=0 n=36 sk=0
BURST k=dep pre=20 n=80 signed_mmss=-10 -13 8 -8 -14 18 21 -35 -17 -26 52 75 50 60 100 101 133 170 227 259 291 355 391 422 430 462 497 486 476 492 523 506 502 488 570 519 475 488 477 494 483 472 493 534 455 493 468 496 503 503 444 522 415 670 413 632 182 621 271 716 686 537 823 321 632 338 592 318 440 550 551 604 348 522 531 557 281 647 415 507 
JOGV pos=29986 neg=0 ratio=0 opk=35 verdict=RUN (armed)
ACC-INT n=37 t=949190 st=4 bz=1 pin=1
ACC-STAT s=0x40 pin=0 n=37 sk=0
ACC-INT n=38 t=951336 st=4 bz=0 pin=1
ACC-STAT s=0x40 pin=0 n=38 sk=0
ACC-INT n=39 t=959823 st=4 bz=0 pin=1
FSM: Arrival (polled), peak 0.657
ARM q=8 a=1 v=1 g=1 ro=8
FSM: Transitioned to STATE_DECELERATING 
ACC-STAT s=0x40 pin=0 n=39 sk=0
BURST k=arr pre=20 n=80 signed_mmss=106 59 127 20 -136 -155 -144 -34 -304 -23 -195 -332 -363 -348 -343 -432 -657 -428 -492 -498 -572 -477 -439 -466 -419 -495 -380 -444 -517 -442 -542 -365 -441 -553 -571 -507 -472 -475 -552 -576 -472 -313 -526 -526 -488 -526 -372 -567 -478 -472 -543 -496 -484 -548 -347 -548 -399 -553 -559 -473 -554 -293 -496 -436 -465 -471 -508 -469 -516 -463 -530 -445 -396 -455 -313 -357 -274 -381 -333 -472 
ACC-INT n=40 t=963444 st=5 bz=1 pin=1
ACC-STAT s=0x40 pin=1 n=41 sk=0
ACC-INT n=41 t=963461 st=5 bz=1 pin=1
ACC-STAT s=0x40 pin=0 n=41 sk=0
FSM: Transitioned to STATE_STOPPED 
FSM: Transitioned to STATE_MONITORING 
FSM: re-arm blank cleared early, settled at 2523 ms
ACC-INT n=42 t=976289 st=2 bz=0 pin=1
FSM: Transitioned to STATE_MOVEMENT_DETECTED 
FSM: Departure latched (polled) ml=6718 q=0 dq=0 td=-1
FSM: departure velocity w=0.000
FSM: Transitioned to STATE_MOVING 
ACC-STAT s=0x40 pin=0 n=42 sk=0
BURST k=dep pre=20 n=80 signed_mmss=43 -16 -17 -11 13 9 -17 4 0 -32 -50 -54 -92 -102 -133 -134 -204 -244 -268 -318 -353 -428 -428 -487 -445 -524 -491 -489 -450 -540 -502 -525 -467 -507 -477 -542 -503 -554 -486 -524 -511 -541 -477 -425 -504 -489 -487 -490 -527 -458 -548 -543 -483 -581 -466 -516 -544 -515 -520 -538 -480 -603 -462 -524 -492 -556 -528 -824 -299 -372 -692 -336 -742 -390 -727 -297 -575 -616 -111 -756 
JOGV pos=0 neg=31190 ratio=0 opk=43 verdict=RUN (armed)
ACC-INT n=43 t=979976 st=4 bz=0 pin=1
ACC-STAT s=0x40 pin=0 n=44 sk=0
ACC-INT n=44 t=980041 st=4 bz=1 pin=1
ACC-STAT s=0x40 pin=0 n=44 sk=0
ACC-INT n=45 t=990543 st=4 bz=0 pin=1
FSM: Arrival (polled), peak 0.537
ARM q=35 a=1 v=1 g=0 ro=6
FSM: Transitioned to STATE_DECELERATING 
ACC-STAT s=0x40 pin=0 n=45 sk=0
BURST k=arr pre=20 n=80 signed_mmss=-51 -19 -198 -78 -10 52 0 143 -8 58 -10 -7 115 222 291 391 475 537 443 397 516 537 615 562 422 450 574 437 463 470 382 598 596 685 585 481 476 456 421 474 482 589 476 470 439 482 417 421 623 458 473 419 532 360 559 667 475 848 339 618 401 464 495 444 491 441 492 516 445 580 531 636 581 634 620 558 483 476 425 454 
ACC-INT n=46 t=994033 st=5 bz=0 pin=1
ACC-STAT s=0x40 pin=0 n=46 sk=0
FSM: Transitioned to STATE_STOPPED 
FSM: Transitioned to STATE_MONITORING 
FSM: re-arm blank cleared early, settled at 2523 ms
ACC-INT n=47 t=1007501 st=2 bz=0 pin=1
FSM: Transitioned to STATE_MOVEMENT_DETECTED 
FSM: Departure latched (any-motion) ml=7160 q=0 dq=0 td=-1
FSM: departure velocity w=0.000
FSM: Transitioned to STATE_MOVING 
ACC-STAT s=0x40 pin=0 n=47 sk=0
ACC-INT n=48 t=1008320 st=4 bz=0 pin=1
ACC-STAT s=0x40 pin=0 n=48 sk=0
BURST k=dep pre=20 n=80 signed_mmss=7 -43 -26 -4 -43 30 24 -23 -65 -58 39 69 65 52 69 107 127 159 179 240 289 321 394 377 444 455 453 464 458 477 460 476 510 512 537 478 531 515 465 492 485 468 464 469 559 516 520 498 476 472 486 515 521 680 492 659 226 586 215 689 552 487 502 417 540 203 611 283 568 597 573 603 358 574 541 474 525 540 465 503 
JOGV pos=29598 neg=0 ratio=0 opk=65 verdict=RUN (armed)
ACC-INT n=49 t=1011105 st=4 bz=1 pin=1
ACC-STAT s=0x40 pin=0 n=49 sk=0
ACC-INT n=50 t=1011171 st=4 bz=0 pin=1
ACC-STAT s=0x40 pin=0 n=50 sk=0
ACC-INT n=51 t=1021607 st=4 bz=0 pin=1
FSM: Arrival (polled), peak 0.459
ARM q=5 a=1 v=1 g=1 ro=12
FSM: Transitioned to STATE_DECELERATING 
ACC-STAT s=0x40 pin=0 n=51 sk=0
BURST k=arr pre=20 n=80 signed_mmss=141 -29 -1 9 15 80 149 81 79 -206 -72 -178 -231 -172 -74 -384 -281 -459 -359 -356 -565 -530 -508 -408 -613 -581 -426 -710 -547 -428 -587 -434 -533 -402 -471 -451 -513 -555 -504 -583 -426 -552 -548 -502 -457 -528 -529 -485 -538 -395 -521 -453 -500 -569 -452 -483 -519 -455 -516 -406 -496 -578 -452 -592 -459 -499 -510 -288 -495 -476 -572 -584 -565 -477 -455 -465 -419 -321 -337 -338 
ACC-INT n=52 t=1025425 st=5 bz=1 pin=1
ACC-STAT s=0x40 pin=0 n=52 sk=0
FSM: Transitioned to STATE_STOPPED 
FSM: Transitioned to STATE_MONITORING 
FSM: re-arm blank cleared early, settled at 2523 ms
FSM: Transitioned to STATE_MOVEMENT_DETECTED 
FSM: Departure latched (polled) ml=8651 q=0 dq=0 td=-1
ACC-INT n=53 t=1040416 st=3 bz=0 pin=1
FSM: departure velocity w=0.000
FSM: Transitioned to STATE_MOVING 
ACC-STAT s=0x40 pin=0 n=53 sk=0
ACC-INT n=54 t=1041252 st=4 bz=0 pin=1
ACC-STAT s=0x40 pin=0 n=54 sk=0
ACC-INT n=55 t=1043972 st=4 bz=0 pin=1
ACC-STAT s=0x40 pin=0 n=55 sk=0
ACC-INT n=56 t=1045626 st=4 bz=0 pin=1
ACC-STAT s=0x40 pin=0 n=56 sk=0
ACC-INT n=57 t=1054621 st=4 bz=1 pin=1
FSM: Arrival (polled), peak 0.468
ARM q=5 a=1 v=1 g=0 ro=7
FSM: Transitioned to STATE_DECELERATING 
ACC-STAT s=0x40 pin=0 n=57 sk=0
ACC-INT n=58 t=1057488 st=5 bz=1 pin=1
ACC-STAT s=0x40 pin=0 n=58 sk=0
ACC-INT n=59 t=1057832 st=5 bz=0 pin=1
BURST k=arr pre=20 n=80 signed_mmss=-39 15 -91 -35 -37 -199 -62 -217 -99 -26 -66 125 98 403 467 540 376 468 519 559 572 256 424 534 546 536 463 493 566 411 582 525 585 540 452 325 634 444 452 495 511 452 500 437 443 521 429 498 393 567 832 408 624 389 311 447 438 490 506 514 452 507 452 556 466 480 524 485 522 600 583 554 553 457 453 397 324 345 361 375 
ACC-STAT s=0x40 pin=0 n=59 sk=0
FSM: Transitioned to STATE_STOPPED 
FSM: Transitioned to STATE_MONITORING 
FSM: re-arm blank cleared early, settled at 2524 ms
ACC-STAT read FAILED
ACC-STAT s=0x397 pin=0 n=59 sk=0
ACC-INT n=60 t=1087930 st=2 bz=0 pin=1
FSM: Transitioned to STATE_MOVEMENT_DETECTED 
FSM: Departure latched (polled) ml=23675 q=0 dq=0 td=-1
FSM: departure velocity w=0.000
FSM: Transitioned to STATE_MOVING 
ACC-STAT s=0x40 pin=0 n=60 sk=0
BURST k=dep pre=20 n=80 signed_mmss=-22 29 14 4 -74 -58 7 80 45 70 43 85 124 153 203 237 286 337 373 413 446 479 475 453 467 461 479 503 505 552 499 486 485 490 522 512 479 475 419 554 456 486 524 423 491 458 464 508 398 557 324 509 694 505 761 278 515 334 467 578 128 546 189 494 612 465 764 252 562 404 504 544 522 480 459 454 513 364 541 449 
JOGV pos=30591 neg=0 ratio=0 opk=74 verdict=RUN (armed)
ACC-INT n=61 t=1091600 st=4 bz=0 pin=1
ACC-STAT s=0x40 pin=0 n=61 sk=0
ACC-INT n=62 t=1101971 st=4 bz=0 pin=1
FSM: Arrival (polled), peak 0.511
ARM q=9 a=1 v=1 g=0 ro=6
ACC-STAT s=0x40 pin=0 n=62 sk=0
FSM: Transitioned to STATE_DECELERATING 
BURST k=arr pre=20 n=80 signed_mmss=42 -99 55 28 80 53 -65 85 -59 166 47 73 -49 -93 -158 -29 -443 -511 -518 -502 -449 -420 -517 -538 -319 -429 -499 -430 -524 -647 -592 -539 -506 -557 -445 -464 -380 -558 -407 -441 -512 -499 -468 -507 -508 -461 -431 -404 -605 -423 -593 -541 -486 -433 -572 -496 -490 -566 -551 -506 -503 -579 -451 -591 -464 -481 -608 -556 -588 -369 -558 -416 -425 -474 -477 -508 -433 -320 -451 -82 
ACC-INT n=63 t=1105788 st=5 bz=0 pin=1
ACC-STAT s=0x40 pin=0 n=63 sk=0
FSM: Transitioned to STATE_STOPPED 
FSM: Transitioned to STATE_MONITORING 
FSM: re-arm blank cleared early, settled at 2507 ms
ACC-STAT s=0x386 pin=0 n=63 sk=0
ACC-STAT s=0x389 pin=0 n=63 sk=0
ACC-STAT s=0x385 pin=0 n=63 sk=0
ACC-STAT s=0x361 pin=0 n=63 sk=1
ACC-STAT s=0x375 pin=0 n=63 sk=1
ACC-STAT s=0x37E pin=0 n=63 sk=1
ACC-STAT s=0x365 pin=0 n=63 sk=2
