ACC-STAT s=0x3BA pin=0 n=0 sk=0
ACC-STAT s=0x3A6 pin=0 n=0 sk=0
ACC-INT n=1 t=132775 st=2 bz=0 pin=1
FSM: Departure latched (any-motion) 
FSM: Transitioned to STATE_MOVEMENT_DETECTED 
FSM: departure velocity w=0.000
FSM: Transitioned to STATE_MOVING 
ACC-STAT s=0x40 pin=0 n=1 sk=0
ACC-INT n=2 t=133136 st=4 bz=1 pin=1
ACC-STAT s=0x40 pin=0 n=2 sk=0
BURST k=dep pre=20 n=80 signed_mmss=-32 -21 13 -3 1 15 20 107 -67 97 -8 16 12 -84 20 -88 1366 -1548 -895 -502 1036 199 -1302 843 621 430 -624 149 522 149 -280 82 265 -238 -310 355 -2 -322 -202 -2 15 -87 -156 -62 108 -102 7 143 47 -54 -8 19 114 19 -12 104 62 26 -30 -22 -16 -16 -8 -12 6 -22 -40 14 7 26 -18 -21 -2 6 -4 -31 -8 35 14 9 
JOGV pos=5637 neg=6379 ratio=88 opk=1366 verdict=JOG (armed)
FSM: Release (jog verdict) 
FSM: Transitioned to STATE_DECELERATING 
ACC-STAT s=0x3D3 pin=0 n=2 sk=0
BURST k=arr pre=20 n=80 signed_mmss=199 -1302 843 621 430 -624 149 522 149 -280 82 265 -238 -310 355 -2 -322 -202 -2 15 -87 -156 -62 108 -102 7 143 47 -54 -8 19 114 19 -12 104 62 26 -30 -22 -16 -16 -8 -12 6 -22 -40 14 7 26 -18 -21 -2 6 -4 -31 -8 35 14 9 1 -11 -5 25 16 -10 0 23 -1 -4 20 12 -23 41 28 -14 -34 17 0 -20 6 
FSM: Transitioned to STATE_STOPPED 
FSM: Transitioned to STATE_MONITORING 
ACC-STAT s=0x3BD pin=0 n=2 sk=0
ACC-STAT read FAILED
ACC-STAT s=0x3B6 pin=0 n=2 sk=0
ACC-INT n=3 t=188973 st=2 bz=0 pin=1
FSM: Departure latched (any-motion) 
FSM: Transitioned to STATE_MOVEMENT_DETECTED 
FSM: departure velocity w=0.000
FSM: Transitioned to STATE_MOVING 
ACC-STAT s=0x40 pin=0 n=3 sk=0
ACC-INT n=4 t=189431 st=4 bz=0 pin=1
ACC-STAT s=0x40 pin=0 n=4 sk=0
ACC-INT n=5 t=190480 st=4 bz=0 pin=1
ACC-STAT s=0x40 pin=0 n=5 sk=0
BURST k=dep pre=20 n=80 signed_mmss=0 10 65 -88 42 -46 56 13 20 46 1 98 142 179 168 201 210 259 303 359 399 429 458 491 1231 -3508 -112 -1948 987 707 -937 -298 344 792 -77 -240 640 491 165 -398 -126 456 -163 1 134 233 -223 -160 22 70 -121 -47 43 -28 -44 -7 -19 -46 -13 7 40 16 9 7 -25 41 35 9 16 31 35 2 13 -7 2 4 -22 15 -23 1 
JOGV pos=9502 neg=7875 ratio=82 opk=3508 verdict=JOG (armed)
FSM: Release (jog verdict) 
FSM: Transitioned to STATE_DECELERATING 
BURST k=arr pre=20 n=80 signed_mmss=491 1231 -3508 -112 -1948 987 707 -937 -298 344 792 -77 -240 640 491 165 -398 -126 456 -163 1 134 233 -223 -160 22 70 -121 -47 43 -28 -44 -7 -19 -46 -13 7 40 16 9 7 -25 41 35 9 16 31 35 2 13 -7 2 4 -22 15 -23 1 -26 -16 -32 -17 -25 20 -18 -22 22 -13 -2 -5 7 17 -4 3 11 -7 19 0 7 13 -23 
FSM: Transitioned to STATE_STOPPED 
FSM: Transitioned to STATE_MONITORING 
ACC-STAT s=0x3B1 pin=0 n=5 sk=0
ACC-STAT s=0x3BD pin=0 n=5 sk=0
ACC-INT n=6 t=209485 st=2 bz=0 pin=1
FSM: Departure latched (any-motion) 
FSM: Transitioned to STATE_MOVEMENT_DETECTED 
FSM: departure velocity w=0.000
FSM: Transitioned to STATE_MOVING 
ACC-STAT s=0x40 pin=1 n=7 sk=0
ACC-INT n=7 t=210305 st=4 bz=0 pin=1
ACC-STAT s=0x40 pin=0 n=7 sk=0
ACC-INT n=8 t=211320 st=4 bz=1 pin=1
ACC-STAT s=0x40 pin=0 n=8 sk=0
BURST k=dep pre=20 n=80 signed_mmss=-10 -11 41 -111 -80 -168 -11 -84 24 -40 -95 -35 -76 -76 -94 -144 -193 -255 -296 -267 -364 -481 -499 -581 -523 4154 1754 -1064 -602 -86 883 158 -1551 -780 685 -272 -1133 -662 -243 -539 -696 6 -165 -361 -91 146 42 7 88 128 -18 32 145 123 -25 -15 81 95 -31 -17 33 -110 -34 29 -77 -47 -11 6 -42 0 2 -22 -13 19 7 -2 16 -26 -10 46 
JOGV pos=7634 neg=11695 ratio=65 opk=4154 verdict=JOG (armed)
FSM: Release (jog verdict) 
FSM: Transitioned to STATE_DECELERATING 
BURST k=arr pre=20 n=80 signed_mmss=-581 -523 4154 1754 -1064 -602 -86 883 158 -1551 -780 685 -272 -1133 -662 -243 -539 -696 6 -165 -361 -91 146 42 7 88 128 -18 32 145 123 -25 -15 81 95 -31 -17 33 -110 -34 29 -77 -47 -11 6 -42 0 2 -22 -13 19 7 -2 16 -26 -10 46 -31 -32 20 2 9 27 40 0 -28 7 -22 -3 23 -8 -11 12 -25 -40 9 -10 -37 -7 11 
FSM: Transitioned to STATE_STOPPED 
FSM: Transitioned to STATE_MONITORING 
ACC-INT n=9 t=229834 st=2 bz=0 pin=1
FSM: Departure latched (any-motion) 
FSM: Transitioned to STATE_MOVEMENT_DETECTED 
ACC-STAT s=0x40 pin=1 n=10 sk=0
ACC-INT n=10 t=230113 st=3 bz=0 pin=1
FSM: departure velocity w=0.000
FSM: Transitioned to STATE_MOVING 
ACC-STAT s=0x40 pin=0 n=10 sk=0
ACC-INT n=11 t=231161 st=4 bz=1 pin=1
ACC-STAT s=0x40 pin=0 n=11 sk=0
BURST k=dep pre=20 n=80 signed_mmss=-10 61 -10 -178 -133 -16 -160 140 -151 104 30 50 147 138 152 185 164 270 319 -1811 419 7168 -141 -121 531 3165 543 -42 2103 911 -1231 -584 401 -422 -1229 -366 445 -307 -426 240 156 -238 -275 106 -195 -296 211 249 -57 -12 180 144 -104 -55 67 119 -25 -26 59 12 2 48 16 -15 -67 -17 -54 -22 -6 10 -64 -30 -22 -13 -9 6 -19 -6 3 -27 
JOGV pos=17812 neg=7869 ratio=44 opk=1811 verdict=JOG (armed)
FSM: Release (jog verdict) 
FSM: Transitioned to STATE_DECELERATING 
BURST k=arr pre=20 n=80 signed_mmss=7168 -141 -121 531 3165 543 -42 2103 911 -1231 -584 401 -422 -1229 -366 445 -307 -426 240 156 -238 -275 106 -195 -296 211 249 -57 -12 180 144 -104 -55 67 119 -25 -26 59 12 2 48 16 -15 -67 -17 -54 -22 -6 10 -64 -30 -22 -13 -9 6 -19 -6 3 -27 -7 -4 -20 -5 -3 -23 30 -1 5 -10 -6 1 -12 22 22 -21 16 0 -7 -4 -5 
FSM: Transitioned to STATE_STOPPED 
FSM: Transitioned to STATE_MONITORING 
ACC-STAT s=0x3C3 pin=0 n=11 sk=1
ACC-INT n=12 t=268353 st=2 bz=0 pin=1
FSM: Departure latched (any-motion) 
FSM: Transitioned to STATE_MOVEMENT_DETECTED 
FSM: departure velocity w=0.000
FSM: Transitioned to STATE_MOVING 
ACC-STAT s=0x40 pin=0 n=12 sk=0
ACC-INT n=13 t=268959 st=4 bz=1 pin=1
ACC-STAT s=0x31F pin=1 n=13 sk=0
ACC-STAT s=0x40 pin=0 n=13 sk=0
BURST k=dep pre=20 n=80 signed_mmss=-22 -1 7 -2 -4 -13 37 144 -4 68 35 53 14 -38 61 -21 119 106 209 198 232 246 320 298 350 357 385 426 452 502 -2144 -4154 -3110 -787 629 -851 -2 950 -52 1444 852 1014 1193 556 589 680 343 320 177 154 170 141 -373 -219 -163 -237 -262 -241 -149 -172 -117 -119 -120 -65 20 52 35 67 34 80 29 13 88 19 24 32 7 -9 -53 -1 
JOGV pos=13046 neg=12713 ratio=97 opk=4154 verdict=JOG (armed)
FSM: Release (jog verdict) 
FSM: Transitioned to STATE_DECELERATING 
BURST k=arr pre=20 n=80 signed_mmss=320 298 350 357 385 426 452 502 -2144 -4154 -3110 -787 629 -851 -2 950 -52 1444 852 1014 1193 556 589 680 343 320 177 154 170 141 -373 -219 -163 -237 -262 -241 -149 -172 -117 -119 -120 -65 20 52 35 67 34 80 29 13 88 19 24 32 7 -9 -53 -1 16 -28 -21 -1 -23 -5 -34 -5 -28 10 43 7 -3 -20 -8 -29 -31 -32 0 -1 -1 -12 
FSM: Transitioned to STATE_STOPPED 
FSM: Transitioned to STATE_MONITORING 
ACC-STAT s=0x3BC pin=0 n=13 sk=0
